TAP version 13
# Subtest: Authenticated encryption round-trip, tampering, impersonation and group exclusion
ok 1 - Authenticated encryption round-trip, tampering, impersonation and group exclusion
  ---
  duration_ms: 44.2568
  type: 'test'
  ...
# Subtest: Local vault encryption rejects wrong passwords and modifications
ok 2 - Local vault encryption rejects wrong passwords and modifications
  ---
  duration_ms: 370.2607
  type: 'test'
  ...
# Subtest: TOTP RFC 6238 vector and one-time replay prevention
ok 3 - TOTP RFC 6238 vector and one-time replay prevention
  ---
  duration_ms: 0.9533
  type: 'test'
  ...
# (node:4180) ExperimentalWarning: SQLite is an experimental feature and might change at any time
# (Use `node --trace-warnings ...` to show where the warning was created)
# Subtest: Threat-model integration: access control, ciphertext storage, replay, revocation and metadata
    # Subtest: secure headers, CSRF, unauthenticated access and least privilege
    ok 1 - secure headers, CSRF, unauthenticated access and least privilege
      ---
      duration_ms: 80.6251
      type: 'test'
      ...
    # Subtest: MFA replay rejected and individual session termination enforced
    ok 2 - MFA replay rejected and individual session termination enforced
      ---
      duration_ms: 94.6533
      type: 'test'
      ...
    # Subtest: WebSocket delivery, ciphertext-only storage and legitimate decryption
    ok 3 - WebSocket delivery, ciphertext-only storage and legitimate decryption
      ---
      duration_ms: 9.0025
      type: 'test'
      ...
    # Subtest: replay and signed-context tampering rejected
    ok 4 - replay and signed-context tampering rejected
      ---
      duration_ms: 10.5122
      type: 'test'
      ...
    # Subtest: unauthorized group access, stale step-up and revoked device
    ok 5 - unauthorized group access, stale step-up and revoked device
      ---
      duration_ms: 30.2373
      type: 'test'
      ...
    # Subtest: membership removal and account containment
    ok 6 - membership removal and account containment
      ---
      duration_ms: 19.5849
      type: 'test'
      ...
    # Subtest: expired ciphertext is hidden and expired identifiers still cannot be replayed
    ok 7 - expired ciphertext is hidden and expired identifiers still cannot be replayed
      ---
      duration_ms: 4.4864
      type: 'test'
      ...
    1..7
ok 4 - Threat-model integration: access control, ciphertext storage, replay, revocation and metadata
  ---
  duration_ms: 692.301
  type: 'test'
  ...
1..4
# tests 11
# suites 0
# pass 11
# fail 0
# cancelled 0
# skipped 0
# todo 0
# duration_ms 1356.8335
